*AverageTimeToCloseFault
*CompletionTime
*FaultManagementEfficiency
*ProcessStatus
*ServiceEfficiency
AverageTimeToCloseFaultList
AverageTimeToCloseFaultMonthly
AverageTimeToCloseFaultWeekly
CompletionTimeDaily
CompletionTimeList
CompletionTimeMonthly
CompletionTimeWeekly
FaultManagementEfficiencyDaily
FaultManagementEfficiencyList
FaultManagementEfficiencyMonthly
FaultManagementEfficiencyWeekly
PendingError
ProcessStatusDaily
ProcessStatusMonthly
ProcessStatusOverallDaily
ProcessStatusOverallMonthly
ProcessStatusOverallWeekly
ProcessStatusWeekly
ServiceEfficiencyDailyIF
ServiceEfficiencyDailyTSSN
ServiceEfficiencyMonthlyCE
ServiceEfficiencyMonthlyIF
ServiceEfficiencyMonthlyTSSN
ServiceEfficiencyWeeklyCE
ServiceEfficiencyWeeklyIF
ServiceEfficiencyWeeklyTSSN
ServicesEfficiencyDaily
ServicesEfficiencyMonthly
ServicesEfficiencyOverall
ServicesEfficiencyWeekly
ServicetEfficiencyDailyCE
FaultManagementEfficiencyDailyCE
FaultManagementEfficiencyDailyIF
FaultManagementEfficiencyDailyTSSN
FaultManagementEfficiencyMonthlyCE
FaultManagementEfficiencyMonthlyIF
FaultManagementEfficiencyMonthlyTSSN
FaultManagementEfficiencyWeeklyCE
FaultManagementEfficiencyWeeklyIF
FaultManagementEfficiencyWeeklyTSSN
AverageTimeToCloseFaultDaily
FaultManagementEfficiencyHourlyCE
FaultManagementEfficiencyHourlyIF
FaultManagementEfficiencyHourlyTSSN
ServiceEfficiencyHourlyIF
ServiceEfficiencyHourlyTSSN
ServiceEfficiencyHourlyCE
CompletionTimeHourly
AverageTimeToCloseFaultHourly
AverageTimeToCloseFaultListHourly
CompletionTimeListHourly
ProcessStatusHourly
ProcessStatusOverallHourly