*AverageTimeToCloseFault
*CompletionTime
*FaultManagementEfficiency
*ProcessStatus
*ServiceEfficiency
AverageTimeToCloseFaultDaily
AverageTimeToCloseFaultHourly
AverageTimeToCloseFaultList
AverageTimeToCloseFaultMonthly
AverageTimeToCloseFaultWeekly
CompletionTimeDaily
CompletionTimeHourly
CompletionTimeList
CompletionTimeMonthly
CompletionTimeWeekly
PendingError
ProcessStatusDaily
ProcessStatusHourly
ProcessStatusMonthly
ProcessStatusOverallDaily
ProcessStatusOverallMonthly
ProcessStatusOverallWeekly
ProcessStatusWeekly
ServiceEfficiencyDailyCE
ServiceEfficiencyDailyIF
ServiceEfficiencyDailyTSSN
ServiceEfficiencyHourlyCE
ServiceEfficiencyHourlyIF
ServiceEfficiencyHourlyTSSN
ServiceEfficiencyMonthlyCE
ServiceEfficiencyMonthlyIF
ServiceEfficiencyMonthlyTSSN
ServiceEfficiencyWeeklyCE
ServiceEfficiencyWeeklyIF
ServiceEfficiencyWeeklyTSSN
ProcessStatusOverallHourly
AverageTimeToCloseFaultList
FaultManagementEfficiencyDailyCE
FaultManagementEfficiencyDailyIF
FaultManagementEfficiencyDailyTSSN
FaultManagementEfficiencyHourlyCE
FaultManagementEfficiencyHourlyIF
FaultManagementEfficiencyHourlyTSSN
FaultManagementEfficiencyMonthlyCE
FaultManagementEfficiencyMonthlyIF
FaultManagementEfficiencyMonthlyTSSN
FaultManagementEfficiencyWeeklyCE
FaultManagementEfficiencyWeeklyIF
FaultManagementEfficiencyWeeklyTSSN